---
source: src/ui/render.rs
expression: terminal.backend()
snapshot_kind: text
---
"Press esc to exit,                                                              "
"┌Search────────────────────────────────────────────────────────────────────────┐"
"│                                                                              │"
"└──────────────────────────────────────────────────────────────────────────────┘"
"┌Scripts───────────────────────────────────────────────────────────────────────┐"
"│   Script                 Command                                             │"
"│ █ android                yarn android                                        │"
"│   ios                    yarn ios                                            │"
"│   run                    expo start                                          │"
"│   start                  yarn start                                          │"
"│   test                   jest                                                │"
"│                                                                              │"
"│                                                                              │"
"│                                                                              │"
"│                                                                              │"
"│                                                                              │"
"│                                                                              │"
"│                                                                              │"
"│                                                                              │"
"└──────────────────────────────────────────────────────────────────────────────┘"
